\BOOKMARK [0][-]{chapter.1}{Introduction}{}% 1
\BOOKMARK [1][-]{section.1.1}{Bacterial Exotoxins}{chapter.1}% 2
\BOOKMARK [1][-]{section.1.2}{Motivation}{chapter.1}% 3
\BOOKMARK [1][-]{section.1.3}{Objectives}{chapter.1}% 4
\BOOKMARK [1][-]{section.1.4}{Structure of Thesis}{chapter.1}% 5
\BOOKMARK [0][-]{chapter.2}{Background}{}% 6
\BOOKMARK [0][-]{chapter.3}{Methods}{}% 7
\BOOKMARK [1][-]{section.3.1}{Data Collection and Curation}{chapter.3}% 8
\BOOKMARK [2][-]{subsection.3.1.1}{Dataset Structure and Preprocessing}{section.3.1}% 9
\BOOKMARK [2][-]{subsection.3.1.2}{Dataset Composition}{section.3.1}% 10
\BOOKMARK [1][-]{section.3.2}{Descriptive Statistical Analysis of Sequences}{chapter.3}% 11
\BOOKMARK [2][-]{subsection.3.2.1}{Mean Sequence Length}{section.3.2}% 12
\BOOKMARK [2][-]{subsection.3.2.2}{Hydrophobicity Analysis}{section.3.2}% 13
\BOOKMARK [1][-]{section.3.3}{Redundancy Reduction}{chapter.3}% 14
\BOOKMARK [1][-]{section.3.4}{Prediction of 3D Protein Folds}{chapter.3}% 15
\BOOKMARK [2][-]{subsection.3.4.1}{Extraction of Confidence Scores from AlphaFold2 Predictions}{section.3.4}% 16
\BOOKMARK [1][-]{section.3.5}{Preparation of Training and Test Datasets}{chapter.3}% 17
\BOOKMARK [2][-]{subsection.3.5.1}{Method 1: Similarity-Based Data Splitting}{section.3.5}% 18
\BOOKMARK [2][-]{subsection.3.5.2}{Method 2: Random Splitting After Redundancy Reduction}{section.3.5}% 19
\BOOKMARK [1][-]{section.3.6}{Embedding Generation}{chapter.3}% 20
\BOOKMARK [1][-]{section.3.7}{Dimensionality Reduction}{chapter.3}% 21
\BOOKMARK [1][-]{section.3.8}{Machine Learning Model Training and Evaluation}{chapter.3}% 22
\BOOKMARK [2][-]{subsection.3.8.1}{Model Selection}{section.3.8}% 23
\BOOKMARK [2][-]{subsection.3.8.2}{Additional Approach: Hierarchical Predictor}{section.3.8}% 24
\BOOKMARK [2][-]{subsection.3.8.3}{Additional Approach: BLAST-Based Predictor}{section.3.8}% 25
\BOOKMARK [2][-]{subsection.3.8.4}{Negative Control: Scrambled Protein Sequence Embeddings}{section.3.8}% 26
\BOOKMARK [0][-]{chapter.4}{Results}{}% 27
\BOOKMARK [1][-]{subsection.4.0.1}{Data Exploration and Preprocessing}{chapter.4}% 28
\BOOKMARK [2][-]{subsection.4.0.2}{Redundancy Reduction}{subsection.4.0.1}% 29
\BOOKMARK [2][-]{subsection.4.0.3}{Feature Analysis of Exotoxins}{subsection.4.0.1}% 30
\BOOKMARK [2][-]{subsection.4.0.4}{Quality of Protein Folds Based On pLDDT Scores}{subsection.4.0.1}% 31
\BOOKMARK [2][-]{subsection.4.0.5}{Dimensionality Reduction Techniques}{subsection.4.0.1}% 32
\BOOKMARK [2][-]{subsection.4.0.6}{ExoType Predictor}{subsection.4.0.1}% 33
\BOOKMARK [2][-]{subsection.4.0.7}{Model Training}{subsection.4.0.1}% 34
\BOOKMARK [2][-]{subsection.4.0.8}{Performance Evaluation}{subsection.4.0.1}% 35
\BOOKMARK [2][-]{subsection.4.0.9}{ExoTarget Predictor}{subsection.4.0.1}% 36
\BOOKMARK [2][-]{subsection.4.0.10}{Model Training}{subsection.4.0.1}% 37
\BOOKMARK [2][-]{subsection.4.0.11}{Performance Evaluation}{subsection.4.0.1}% 38
\BOOKMARK [0][-]{chapter.5}{Conclusion}{}% 39
\BOOKMARK [0][-]{chapter.6}{Discussion}{}% 40
\BOOKMARK [1][-]{section.6.1}{Additional Performance Metrics}{chapter.6}% 41
