This is pdfTeX, Version 3.141592653-2.6-1.40.25 (TeX Live 2023/Debian) (preloaded format=pdflatex 2025.1.23)  4 MAR 2025 11:32
entering extended mode
 restricted \write18 enabled.
 %&-line parsing enabled.
**main.tex
(./main.tex
LaTeX2e <2023-11-01> patch level 1
L3 programming layer <2024-01-22>
(/usr/share/texlive/texmf-dist/tex/latex/base/report.cls
Document Class: report 2023/05/17 v1.4n Standard LaTeX document class
(/usr/share/texlive/texmf-dist/tex/latex/base/size12.clo
File: size12.clo 2023/05/17 v1.4n Standard LaTeX file (size option)
)
\c@part=\count187
\c@chapter=\count188
\c@section=\count189
\c@subsection=\count190
\c@subsubsection=\count191
\c@paragraph=\count192
\c@subparagraph=\count193
\c@figure=\count194
\c@table=\count195
\abovecaptionskip=\skip48
\belowcaptionskip=\skip49
\bibindent=\dimen140
)
(/usr/share/texlive/texmf-dist/tex/latex/base/inputenc.sty
Package: inputenc 2021/02/14 v1.3d Input encoding file
\inpenc@prehook=\toks17
\inpenc@posthook=\toks18
)
(/usr/share/texlive/texmf-dist/tex/latex/base/fontenc.sty
Package: fontenc 2021/04/29 v2.0v Standard LaTeX package
)
(/usr/share/texlive/texmf-dist/tex/latex/graphics/graphicx.sty
Package: graphicx 2021/09/16 v1.2d Enhanced LaTeX Graphics (DPC,SPQR)

(/usr/share/texlive/texmf-dist/tex/latex/graphics/keyval.sty
Package: keyval 2022/05/29 v1.15 key=value parser (DPC)
\KV@toks@=\toks19
)
(/usr/share/texlive/texmf-dist/tex/latex/graphics/graphics.sty
Package: graphics 2022/03/10 v1.4e Standard LaTeX Graphics (DPC,SPQR)

(/usr/share/texlive/texmf-dist/tex/latex/graphics/trig.sty
Package: trig 2021/08/11 v1.11 sin cos tan (DPC)
)
(/usr/share/texlive/texmf-dist/tex/latex/graphics-cfg/graphics.cfg
File: graphics.cfg 2016/06/04 v1.11 sample graphics configuration
)
Package graphics Info: Driver file: pdftex.def on input line 107.

(/usr/share/texlive/texmf-dist/tex/latex/graphics-def/pdftex.def
File: pdftex.def 2022/09/22 v1.2b Graphics/color driver for pdftex
))
\Gin@req@height=\dimen141
\Gin@req@width=\dimen142
)
(/usr/share/texlive/texmf-dist/tex/latex/hyperref/hyperref.sty
Package: hyperref 2024-01-20 v7.01h Hypertext links for LaTeX

(/usr/share/texlive/texmf-dist/tex/generic/iftex/iftex.sty
Package: iftex 2022/02/03 v1.0f TeX engine tests
)
(/usr/share/texlive/texmf-dist/tex/latex/kvsetkeys/kvsetkeys.sty
Package: kvsetkeys 2022-10-05 v1.19 Key value parser (HO)
)
(/usr/share/texlive/texmf-dist/tex/generic/kvdefinekeys/kvdefinekeys.sty
Package: kvdefinekeys 2019-12-19 v1.6 Define keys (HO)
)
(/usr/share/texlive/texmf-dist/tex/generic/pdfescape/pdfescape.sty
Package: pdfescape 2019/12/09 v1.15 Implements pdfTeX's escape features (HO)

(/usr/share/texlive/texmf-dist/tex/generic/ltxcmds/ltxcmds.sty
Package: ltxcmds 2023-12-04 v1.26 LaTeX kernel commands for general use (HO)
)
(/usr/share/texlive/texmf-dist/tex/generic/pdftexcmds/pdftexcmds.sty
Package: pdftexcmds 2020-06-27 v0.33 Utility functions of pdfTeX for LuaTeX (HO
)

(/usr/share/texlive/texmf-dist/tex/generic/infwarerr/infwarerr.sty
Package: infwarerr 2019/12/03 v1.5 Providing info/warning/error messages (HO)
)
Package pdftexcmds Info: \pdf@primitive is available.
Package pdftexcmds Info: \pdf@ifprimitive is available.
Package pdftexcmds Info: \pdfdraftmode found.
))
(/usr/share/texlive/texmf-dist/tex/latex/hycolor/hycolor.sty
Package: hycolor 2020-01-27 v1.10 Color options for hyperref/bookmark (HO)
)
(/usr/share/texlive/texmf-dist/tex/latex/auxhook/auxhook.sty
Package: auxhook 2019-12-17 v1.6 Hooks for auxiliary files (HO)
)
(/usr/share/texlive/texmf-dist/tex/latex/hyperref/nameref.sty
Package: nameref 2023-11-26 v2.56 Cross-referencing by name of section

(/usr/share/texlive/texmf-dist/tex/latex/refcount/refcount.sty
Package: refcount 2019/12/15 v3.6 Data extraction from label references (HO)
)
(/usr/share/texlive/texmf-dist/tex/generic/gettitlestring/gettitlestring.sty
Package: gettitlestring 2019/12/15 v1.6 Cleanup title references (HO)

(/usr/share/texlive/texmf-dist/tex/latex/kvoptions/kvoptions.sty
Package: kvoptions 2022-06-15 v3.15 Key value format for package options (HO)
))
\c@section@level=\count196
)
(/usr/share/texlive/texmf-dist/tex/latex/etoolbox/etoolbox.sty
Package: etoolbox 2020/10/05 v2.5k e-TeX tools for LaTeX (JAW)
\etb@tempcnta=\count197
)
\@linkdim=\dimen143
\Hy@linkcounter=\count198
\Hy@pagecounter=\count199

(/usr/share/texlive/texmf-dist/tex/latex/hyperref/pd1enc.def
File: pd1enc.def 2024-01-20 v7.01h Hyperref: PDFDocEncoding definition (HO)
Now handling font encoding PD1 ...
... no UTF-8 mapping file for font encoding PD1
)
(/usr/share/texlive/texmf-dist/tex/generic/intcalc/intcalc.sty
Package: intcalc 2019/12/15 v1.3 Expandable calculations with integers (HO)
)
\Hy@SavedSpaceFactor=\count266

(/usr/share/texlive/texmf-dist/tex/latex/hyperref/puenc.def
File: puenc.def 2024-01-20 v7.01h Hyperref: PDF Unicode definition (HO)
Now handling font encoding PU ...
... no UTF-8 mapping file for font encoding PU
)
Package hyperref Info: Hyper figures OFF on input line 4179.
Package hyperref Info: Link nesting OFF on input line 4184.
Package hyperref Info: Hyper index ON on input line 4187.
Package hyperref Info: Plain pages OFF on input line 4194.
Package hyperref Info: Backreferencing OFF on input line 4199.
Package hyperref Info: Implicit mode ON; LaTeX internals redefined.
Package hyperref Info: Bookmarks ON on input line 4446.
\c@Hy@tempcnt=\count267

(/usr/share/texlive/texmf-dist/tex/latex/url/url.sty
\Urlmuskip=\muskip16
Package: url 2013/09/16  ver 3.4  Verb mode for urls, etc.
)
LaTeX Info: Redefining \url on input line 4784.
\XeTeXLinkMargin=\dimen144

(/usr/share/texlive/texmf-dist/tex/generic/bitset/bitset.sty
Package: bitset 2019/12/09 v1.3 Handle bit-vector datatype (HO)

(/usr/share/texlive/texmf-dist/tex/generic/bigintcalc/bigintcalc.sty
Package: bigintcalc 2019/12/15 v1.5 Expandable calculations on big integers (HO
)
))
\Fld@menulength=\count268
\Field@Width=\dimen145
\Fld@charsize=\dimen146
Package hyperref Info: Hyper figures OFF on input line 6063.
Package hyperref Info: Link nesting OFF on input line 6068.
Package hyperref Info: Hyper index ON on input line 6071.
Package hyperref Info: backreferencing OFF on input line 6078.
Package hyperref Info: Link coloring OFF on input line 6083.
Package hyperref Info: Link coloring with OCG OFF on input line 6088.
Package hyperref Info: PDF/A mode OFF on input line 6093.

(/usr/share/texlive/texmf-dist/tex/latex/base/atbegshi-ltx.sty
Package: atbegshi-ltx 2021/01/10 v1.0c Emulation of the original atbegshi
package with kernel methods
)
\Hy@abspage=\count269
\c@Item=\count270
\c@Hfootnote=\count271
)
Package hyperref Info: Driver (autodetected): hpdftex.

(/usr/share/texlive/texmf-dist/tex/latex/hyperref/hpdftex.def
File: hpdftex.def 2024-01-20 v7.01h Hyperref driver for pdfTeX

(/usr/share/texlive/texmf-dist/tex/latex/base/atveryend-ltx.sty
Package: atveryend-ltx 2020/08/19 v1.0a Emulation of the original atveryend pac
kage
with kernel methods
)
\Fld@listcount=\count272
\c@bookmark@seq@number=\count273

(/usr/share/texlive/texmf-dist/tex/latex/rerunfilecheck/rerunfilecheck.sty
Package: rerunfilecheck 2022-07-10 v1.10 Rerun checks for auxiliary files (HO)

(/usr/share/texlive/texmf-dist/tex/generic/uniquecounter/uniquecounter.sty
Package: uniquecounter 2019/12/15 v1.4 Provide unlimited unique counter (HO)
)
Package uniquecounter Info: New unique counter `rerunfilecheck' on input line 2
85.
)
\Hy@SectionHShift=\skip50
)
(/usr/share/texlive/texmf-dist/tex/latex/caption/subcaption.sty
Package: subcaption 2023/07/28 v1.6b Sub-captions (AR)

(/usr/share/texlive/texmf-dist/tex/latex/caption/caption.sty
Package: caption 2023/08/05 v3.6o Customizing captions (AR)

(/usr/share/texlive/texmf-dist/tex/latex/caption/caption3.sty
Package: caption3 2023/07/31 v2.4d caption3 kernel (AR)
\caption@tempdima=\dimen147
\captionmargin=\dimen148
\caption@leftmargin=\dimen149
\caption@rightmargin=\dimen150
\caption@width=\dimen151
\caption@indent=\dimen152
\caption@parindent=\dimen153
\caption@hangindent=\dimen154
Package caption Info: Standard document class detected.
)
\c@caption@flags=\count274
\c@continuedfloat=\count275
Package caption Info: hyperref package is loaded.
)
Package caption Info: New subtype `subfigure' on input line 238.
\c@subfigure=\count276
Package caption Info: New subtype `subtable' on input line 238.
\c@subtable=\count277
)
(/usr/share/texlive/texmf-dist/tex/latex/booktabs/booktabs.sty
Package: booktabs 2020/01/12 v1.61803398 Publication quality tables
\heavyrulewidth=\dimen155
\lightrulewidth=\dimen156
\cmidrulewidth=\dimen157
\belowrulesep=\dimen158
\belowbottomsep=\dimen159
\aboverulesep=\dimen160
\abovetopsep=\dimen161
\cmidrulesep=\dimen162
\cmidrulekern=\dimen163
\defaultaddspace=\dimen164
\@cmidla=\count278
\@cmidlb=\count279
\@aboverulesep=\dimen165
\@belowrulesep=\dimen166
\@thisruleclass=\count280
\@lastruleclass=\count281
\@thisrulewidth=\dimen167
)
(/usr/share/texlive/texmf-dist/tex/latex/float/float.sty
Package: float 2001/11/08 v1.3d Float enhancements (AL)
\c@float@type=\count282
\float@exts=\toks20
\float@box=\box51
\@float@everytoks=\toks21
\@floatcapt=\box52
)
(/usr/share/texlive/texmf-dist/tex/latex/natbib/natbib.sty
Package: natbib 2010/09/13 8.31b (PWD, AO)
\bibhang=\skip51
\bibsep=\skip52
LaTeX Info: Redefining \cite on input line 694.
\c@NAT@ctr=\count283
)
   defining Unicode char U+200B (decimal 8203)

(/usr/share/texlive/texmf-dist/tex/latex/easyreview/easyReview.sty
Package: easyReview 2014/06/27 Package for Easy Review on LaTeX documents
Package: easyReview 2013/12/09 Package for Easy Review on LaTeX documents

(/usr/share/texlive/texmf-dist/tex/generic/soul/soul.sty
Package: soul 2023-06-14 v3.1 Permit use of UTF-8 characters in soul (HO)

(/usr/share/texlive/texmf-dist/tex/generic/soul/soul-ori.sty
Package: soul-ori 2023-06-14 v3.1 letterspacing/underlining (mf)
\SOUL@word=\toks22
\SOUL@lasttoken=\toks23
\SOUL@syllable=\toks24
\SOUL@cmds=\toks25
\SOUL@buffer=\toks26
\SOUL@token=\toks27
\SOUL@syllgoal=\dimen168
\SOUL@syllwidth=\dimen169
\SOUL@charkern=\dimen170
\SOUL@hyphkern=\dimen171
\SOUL@dimen=\dimen172
\SOUL@dimeni=\dimen173
\SOUL@minus=\count284
\SOUL@comma=\count285
\SOUL@apo=\count286
\SOUL@grave=\count287
\SOUL@spaceskip=\skip53
\SOUL@ttwidth=\dimen174
\SOUL@uldp=\dimen175
\SOUL@ulht=\dimen176
)
(/usr/share/texlive/texmf-dist/tex/generic/etexcmds/etexcmds.sty
Package: etexcmds 2019/12/15 v1.7 Avoid name clashes with e-TeX commands (HO)
))
(/usr/share/texlive/texmf-dist/tex/latex/xcolor/xcolor.sty
Package: xcolor 2023/11/15 v3.01 LaTeX color extensions (UK)

(/usr/share/texlive/texmf-dist/tex/latex/graphics-cfg/color.cfg
File: color.cfg 2016/01/02 v1.6 sample color configuration
)
Package xcolor Info: Driver file: pdftex.def on input line 274.

(/usr/share/texlive/texmf-dist/tex/latex/graphics/mathcolor.ltx)
Package xcolor Info: Model `cmy' substituted by `cmy0' on input line 1350.
Package xcolor Info: Model `hsb' substituted by `rgb' on input line 1354.
Package xcolor Info: Model `RGB' extended on input line 1366.
Package xcolor Info: Model `HTML' substituted by `rgb' on input line 1368.
Package xcolor Info: Model `Hsb' substituted by `hsb' on input line 1369.
Package xcolor Info: Model `tHsb' substituted by `hsb' on input line 1370.
Package xcolor Info: Model `HSB' substituted by `hsb' on input line 1371.
Package xcolor Info: Model `Gray' substituted by `gray' on input line 1372.
Package xcolor Info: Model `wave' substituted by `hsb' on input line 1373.
)
(/usr/share/texlive/texmf-dist/tex/latex/todonotes/todonotes.sty
Package: todonotes 2024/01/05 v1.1.7 Todonotes source and documentation.
Package: todonotes 2024/01/05

(/usr/share/texlive/texmf-dist/tex/latex/base/ifthen.sty
Package: ifthen 2022/04/13 v1.1d Standard LaTeX ifthen package (DPC)
)
(/usr/share/texlive/texmf-dist/tex/latex/xkeyval/xkeyval.sty
Package: xkeyval 2022/06/16 v2.9 package option processing (HA)

(/usr/share/texlive/texmf-dist/tex/generic/xkeyval/xkeyval.tex
(/usr/share/texlive/texmf-dist/tex/generic/xkeyval/xkvutils.tex
\XKV@toks=\toks28
\XKV@tempa@toks=\toks29
)
\XKV@depth=\count288
File: xkeyval.tex 2014/12/03 v2.7a key=value parser (HA)
))
(/usr/share/texlive/texmf-dist/tex/latex/pgf/frontendlayer/tikz.sty
(/usr/share/texlive/texmf-dist/tex/latex/pgf/basiclayer/pgf.sty
(/usr/share/texlive/texmf-dist/tex/latex/pgf/utilities/pgfrcs.sty
(/usr/share/texlive/texmf-dist/tex/generic/pgf/utilities/pgfutil-common.tex
\pgfutil@everybye=\toks30
\pgfutil@tempdima=\dimen177
\pgfutil@tempdimb=\dimen178
)
(/usr/share/texlive/texmf-dist/tex/generic/pgf/utilities/pgfutil-latex.def
\pgfutil@abb=\box53
)
(/usr/share/texlive/texmf-dist/tex/generic/pgf/utilities/pgfrcs.code.tex
(/usr/share/texlive/texmf-dist/tex/generic/pgf/pgf.revision.tex)
Package: pgfrcs 2023-01-15 v3.1.10 (3.1.10)
))
Package: pgf 2023-01-15 v3.1.10 (3.1.10)

(/usr/share/texlive/texmf-dist/tex/latex/pgf/basiclayer/pgfcore.sty
(/usr/share/texlive/texmf-dist/tex/latex/pgf/systemlayer/pgfsys.sty
(/usr/share/texlive/texmf-dist/tex/generic/pgf/systemlayer/pgfsys.code.tex
Package: pgfsys 2023-01-15 v3.1.10 (3.1.10)

(/usr/share/texlive/texmf-dist/tex/generic/pgf/utilities/pgfkeys.code.tex
\pgfkeys@pathtoks=\toks31
\pgfkeys@temptoks=\toks32

(/usr/share/texlive/texmf-dist/tex/generic/pgf/utilities/pgfkeyslibraryfiltered
.code.tex
\pgfkeys@tmptoks=\toks33
))
\pgf@x=\dimen179
\pgf@y=\dimen180
\pgf@xa=\dimen181
\pgf@ya=\dimen182
\pgf@xb=\dimen183
\pgf@yb=\dimen184
\pgf@xc=\dimen185
\pgf@yc=\dimen186
\pgf@xd=\dimen187
\pgf@yd=\dimen188
\w@pgf@writea=\write3
\r@pgf@reada=\read2
\c@pgf@counta=\count289
\c@pgf@countb=\count290
\c@pgf@countc=\count291
\c@pgf@countd=\count292
\t@pgf@toka=\toks34
\t@pgf@tokb=\toks35
\t@pgf@tokc=\toks36
\pgf@sys@id@count=\count293
 (/usr/share/texlive/texmf-dist/tex/generic/pgf/systemlayer/pgf.cfg
File: pgf.cfg 2023-01-15 v3.1.10 (3.1.10)
)
Driver file for pgf: pgfsys-pdftex.def
(/usr/share/texlive/texmf-dist/tex/generic/pgf/systemlayer/pgfsys-pdftex.def
File: pgfsys-pdftex.def 2023-01-15 v3.1.10 (3.1.10)

(/usr/share/texlive/texmf-dist/tex/generic/pgf/systemlayer/pgfsys-common-pdf.de
f
File: pgfsys-common-pdf.def 2023-01-15 v3.1.10 (3.1.10)
)))
(/usr/share/texlive/texmf-dist/tex/generic/pgf/systemlayer/pgfsyssoftpath.code.
tex
File: pgfsyssoftpath.code.tex 2023-01-15 v3.1.10 (3.1.10)
\pgfsyssoftpath@smallbuffer@items=\count294
\pgfsyssoftpath@bigbuffer@items=\count295
)
(/usr/share/texlive/texmf-dist/tex/generic/pgf/systemlayer/pgfsysprotocol.code.
tex
File: pgfsysprotocol.code.tex 2023-01-15 v3.1.10 (3.1.10)
))
(/usr/share/texlive/texmf-dist/tex/generic/pgf/basiclayer/pgfcore.code.tex
Package: pgfcore 2023-01-15 v3.1.10 (3.1.10)

(/usr/share/texlive/texmf-dist/tex/generic/pgf/math/pgfmath.code.tex
(/usr/share/texlive/texmf-dist/tex/generic/pgf/math/pgfmathutil.code.tex)
(/usr/share/texlive/texmf-dist/tex/generic/pgf/math/pgfmathparser.code.tex
\pgfmath@dimen=\dimen189
\pgfmath@count=\count296
\pgfmath@box=\box54
\pgfmath@toks=\toks37
\pgfmath@stack@operand=\toks38
\pgfmath@stack@operation=\toks39
)
(/usr/share/texlive/texmf-dist/tex/generic/pgf/math/pgfmathfunctions.code.tex)
(/usr/share/texlive/texmf-dist/tex/generic/pgf/math/pgfmathfunctions.basic.code
.tex)
(/usr/share/texlive/texmf-dist/tex/generic/pgf/math/pgfmathfunctions.trigonomet
ric.code.tex)
(/usr/share/texlive/texmf-dist/tex/generic/pgf/math/pgfmathfunctions.random.cod
e.tex)
(/usr/share/texlive/texmf-dist/tex/generic/pgf/math/pgfmathfunctions.comparison
.code.tex)
(/usr/share/texlive/texmf-dist/tex/generic/pgf/math/pgfmathfunctions.base.code.
tex)
(/usr/share/texlive/texmf-dist/tex/generic/pgf/math/pgfmathfunctions.round.code
.tex)
(/usr/share/texlive/texmf-dist/tex/generic/pgf/math/pgfmathfunctions.misc.code.
tex)
(/usr/share/texlive/texmf-dist/tex/generic/pgf/math/pgfmathfunctions.integerari
thmetics.code.tex)
(/usr/share/texlive/texmf-dist/tex/generic/pgf/math/pgfmathcalc.code.tex)
(/usr/share/texlive/texmf-dist/tex/generic/pgf/math/pgfmathfloat.code.tex
\c@pgfmathroundto@lastzeros=\count297
))
(/usr/share/texlive/texmf-dist/tex/generic/pgf/math/pgfint.code.tex)
(/usr/share/texlive/texmf-dist/tex/generic/pgf/basiclayer/pgfcorepoints.code.te
x
File: pgfcorepoints.code.tex 2023-01-15 v3.1.10 (3.1.10)
\pgf@picminx=\dimen190
\pgf@picmaxx=\dimen191
\pgf@picminy=\dimen192
\pgf@picmaxy=\dimen193
\pgf@pathminx=\dimen194
\pgf@pathmaxx=\dimen195
\pgf@pathminy=\dimen196
\pgf@pathmaxy=\dimen197
\pgf@xx=\dimen198
\pgf@xy=\dimen199
\pgf@yx=\dimen256
\pgf@yy=\dimen257
\pgf@zx=\dimen258
\pgf@zy=\dimen259
)
(/usr/share/texlive/texmf-dist/tex/generic/pgf/basiclayer/pgfcorepathconstruct.
code.tex
File: pgfcorepathconstruct.code.tex 2023-01-15 v3.1.10 (3.1.10)
\pgf@path@lastx=\dimen260
\pgf@path@lasty=\dimen261
)
(/usr/share/texlive/texmf-dist/tex/generic/pgf/basiclayer/pgfcorepathusage.code
.tex
File: pgfcorepathusage.code.tex 2023-01-15 v3.1.10 (3.1.10)
\pgf@shorten@end@additional=\dimen262
\pgf@shorten@start@additional=\dimen263
)
(/usr/share/texlive/texmf-dist/tex/generic/pgf/basiclayer/pgfcorescopes.code.te
x
File: pgfcorescopes.code.tex 2023-01-15 v3.1.10 (3.1.10)
\pgfpic=\box55
\pgf@hbox=\box56
\pgf@layerbox@main=\box57
\pgf@picture@serial@count=\count298
)
(/usr/share/texlive/texmf-dist/tex/generic/pgf/basiclayer/pgfcoregraphicstate.c
ode.tex
File: pgfcoregraphicstate.code.tex 2023-01-15 v3.1.10 (3.1.10)
\pgflinewidth=\dimen264
)
(/usr/share/texlive/texmf-dist/tex/generic/pgf/basiclayer/pgfcoretransformation
s.code.tex
File: pgfcoretransformations.code.tex 2023-01-15 v3.1.10 (3.1.10)
\pgf@pt@x=\dimen265
\pgf@pt@y=\dimen266
\pgf@pt@temp=\dimen267
)
(/usr/share/texlive/texmf-dist/tex/generic/pgf/basiclayer/pgfcorequick.code.tex
File: pgfcorequick.code.tex 2023-01-15 v3.1.10 (3.1.10)
)
(/usr/share/texlive/texmf-dist/tex/generic/pgf/basiclayer/pgfcoreobjects.code.t
ex
File: pgfcoreobjects.code.tex 2023-01-15 v3.1.10 (3.1.10)
)
(/usr/share/texlive/texmf-dist/tex/generic/pgf/basiclayer/pgfcorepathprocessing
.code.tex
File: pgfcorepathprocessing.code.tex 2023-01-15 v3.1.10 (3.1.10)
)
(/usr/share/texlive/texmf-dist/tex/generic/pgf/basiclayer/pgfcorearrows.code.te
x
File: pgfcorearrows.code.tex 2023-01-15 v3.1.10 (3.1.10)
\pgfarrowsep=\dimen268
)
(/usr/share/texlive/texmf-dist/tex/generic/pgf/basiclayer/pgfcoreshade.code.tex
File: pgfcoreshade.code.tex 2023-01-15 v3.1.10 (3.1.10)
\pgf@max=\dimen269
\pgf@sys@shading@range@num=\count299
\pgf@shadingcount=\count300
)
(/usr/share/texlive/texmf-dist/tex/generic/pgf/basiclayer/pgfcoreimage.code.tex
File: pgfcoreimage.code.tex 2023-01-15 v3.1.10 (3.1.10)
)
(/usr/share/texlive/texmf-dist/tex/generic/pgf/basiclayer/pgfcoreexternal.code.
tex
File: pgfcoreexternal.code.tex 2023-01-15 v3.1.10 (3.1.10)
\pgfexternal@startupbox=\box58
)
(/usr/share/texlive/texmf-dist/tex/generic/pgf/basiclayer/pgfcorelayers.code.te
x
File: pgfcorelayers.code.tex 2023-01-15 v3.1.10 (3.1.10)
)
(/usr/share/texlive/texmf-dist/tex/generic/pgf/basiclayer/pgfcoretransparency.c
ode.tex
File: pgfcoretransparency.code.tex 2023-01-15 v3.1.10 (3.1.10)
)
(/usr/share/texlive/texmf-dist/tex/generic/pgf/basiclayer/pgfcorepatterns.code.
tex
File: pgfcorepatterns.code.tex 2023-01-15 v3.1.10 (3.1.10)
)
(/usr/share/texlive/texmf-dist/tex/generic/pgf/basiclayer/pgfcorerdf.code.tex
File: pgfcorerdf.code.tex 2023-01-15 v3.1.10 (3.1.10)
)))
(/usr/share/texlive/texmf-dist/tex/generic/pgf/modules/pgfmoduleshapes.code.tex
File: pgfmoduleshapes.code.tex 2023-01-15 v3.1.10 (3.1.10)
\pgfnodeparttextbox=\box59
) (/usr/share/texlive/texmf-dist/tex/generic/pgf/modules/pgfmoduleplot.code.tex
File: pgfmoduleplot.code.tex 2023-01-15 v3.1.10 (3.1.10)
)
(/usr/share/texlive/texmf-dist/tex/latex/pgf/compatibility/pgfcomp-version-0-65
.sty
Package: pgfcomp-version-0-65 2023-01-15 v3.1.10 (3.1.10)
\pgf@nodesepstart=\dimen270
\pgf@nodesepend=\dimen271
)
(/usr/share/texlive/texmf-dist/tex/latex/pgf/compatibility/pgfcomp-version-1-18
.sty
Package: pgfcomp-version-1-18 2023-01-15 v3.1.10 (3.1.10)
)) (/usr/share/texlive/texmf-dist/tex/latex/pgf/utilities/pgffor.sty
(/usr/share/texlive/texmf-dist/tex/latex/pgf/utilities/pgfkeys.sty
(/usr/share/texlive/texmf-dist/tex/generic/pgf/utilities/pgfkeys.code.tex))
(/usr/share/texlive/texmf-dist/tex/latex/pgf/math/pgfmath.sty
(/usr/share/texlive/texmf-dist/tex/generic/pgf/math/pgfmath.code.tex))
(/usr/share/texlive/texmf-dist/tex/generic/pgf/utilities/pgffor.code.tex
Package: pgffor 2023-01-15 v3.1.10 (3.1.10)
\pgffor@iter=\dimen272
\pgffor@skip=\dimen273
\pgffor@stack=\toks40
\pgffor@toks=\toks41
))
(/usr/share/texlive/texmf-dist/tex/generic/pgf/frontendlayer/tikz/tikz.code.tex
Package: tikz 2023-01-15 v3.1.10 (3.1.10)

(/usr/share/texlive/texmf-dist/tex/generic/pgf/libraries/pgflibraryplothandlers
.code.tex
File: pgflibraryplothandlers.code.tex 2023-01-15 v3.1.10 (3.1.10)
\pgf@plot@mark@count=\count301
\pgfplotmarksize=\dimen274
)
\tikz@lastx=\dimen275
\tikz@lasty=\dimen276
\tikz@lastxsaved=\dimen277
\tikz@lastysaved=\dimen278
\tikz@lastmovetox=\dimen279
\tikz@lastmovetoy=\dimen280
\tikzleveldistance=\dimen281
\tikzsiblingdistance=\dimen282
\tikz@figbox=\box60
\tikz@figbox@bg=\box61
\tikz@tempbox=\box62
\tikz@tempbox@bg=\box63
\tikztreelevel=\count302
\tikznumberofchildren=\count303
\tikznumberofcurrentchild=\count304
\tikz@fig@count=\count305

(/usr/share/texlive/texmf-dist/tex/generic/pgf/modules/pgfmodulematrix.code.tex
File: pgfmodulematrix.code.tex 2023-01-15 v3.1.10 (3.1.10)
\pgfmatrixcurrentrow=\count306
\pgfmatrixcurrentcolumn=\count307
\pgf@matrix@numberofcolumns=\count308
)
\tikz@expandcount=\count309

(/usr/share/texlive/texmf-dist/tex/generic/pgf/frontendlayer/tikz/libraries/tik
zlibrarytopaths.code.tex
File: tikzlibrarytopaths.code.tex 2023-01-15 v3.1.10 (3.1.10)
)))
(/usr/share/texlive/texmf-dist/tex/generic/pgf/frontendlayer/tikz/libraries/tik
zlibrarypositioning.code.tex
File: tikzlibrarypositioning.code.tex 2023-01-15 v3.1.10 (3.1.10)
)
(/usr/share/texlive/texmf-dist/tex/latex/tools/calc.sty
Package: calc 2023/07/08 v4.3 Infix arithmetic (KKT,FJ)
\calc@Acount=\count310
\calc@Bcount=\count311
\calc@Adimen=\dimen283
\calc@Bdimen=\dimen284
\calc@Askip=\skip54
\calc@Bskip=\skip55
LaTeX Info: Redefining \setlength on input line 80.
LaTeX Info: Redefining \addtolength on input line 81.
\calc@Ccount=\count312
\calc@Cskip=\skip56
)
\c@@todonotes@numberoftodonotes=\count313
))
(/usr/share/texlive/texmf-dist/tex/latex/l3backend/l3backend-pdftex.def
File: l3backend-pdftex.def 2024-01-04 L3 backend support: PDF output (pdfTeX)
\l__color_backend_stack_int=\count314
\l__pdf_internal_box=\box64
)
(./main.aux)
\openout1 = `main.aux'.

LaTeX Font Info:    Checking defaults for OML/cmm/m/it on input line 21.
LaTeX Font Info:    ... okay on input line 21.
LaTeX Font Info:    Checking defaults for OMS/cmsy/m/n on input line 21.
LaTeX Font Info:    ... okay on input line 21.
LaTeX Font Info:    Checking defaults for OT1/cmr/m/n on input line 21.
LaTeX Font Info:    ... okay on input line 21.
LaTeX Font Info:    Checking defaults for T1/cmr/m/n on input line 21.
LaTeX Font Info:    ... okay on input line 21.
LaTeX Font Info:    Checking defaults for TS1/cmr/m/n on input line 21.
LaTeX Font Info:    ... okay on input line 21.
LaTeX Font Info:    Checking defaults for OMX/cmex/m/n on input line 21.
LaTeX Font Info:    ... okay on input line 21.
LaTeX Font Info:    Checking defaults for U/cmr/m/n on input line 21.
LaTeX Font Info:    ... okay on input line 21.
LaTeX Font Info:    Checking defaults for PD1/pdf/m/n on input line 21.
LaTeX Font Info:    ... okay on input line 21.
LaTeX Font Info:    Checking defaults for PU/pdf/m/n on input line 21.
LaTeX Font Info:    ... okay on input line 21.
 (/usr/share/texlive/texmf-dist/tex/context/base/mkii/supp-pdf.mkii
[Loading MPS to PDF converter (version 2006.09.02).]
\scratchcounter=\count315
\scratchdimen=\dimen285
\scratchbox=\box65
\nofMPsegments=\count316
\nofMParguments=\count317
\everyMPshowfont=\toks42
\MPscratchCnt=\count318
\MPscratchDim=\dimen286
\MPnumerator=\count319
\makeMPintoPDFobject=\count320
\everyMPtoPDFconversion=\toks43
) (/usr/share/texlive/texmf-dist/tex/latex/epstopdf-pkg/epstopdf-base.sty
Package: epstopdf-base 2020-01-24 v2.11 Base part for package epstopdf
Package epstopdf-base Info: Redefining graphics rule for `.eps' on input line 4
85.

(/usr/share/texlive/texmf-dist/tex/latex/latexconfig/epstopdf-sys.cfg
File: epstopdf-sys.cfg 2010/07/13 v1.3 Configuration of (r)epstopdf for TeX Liv
e
))
Package hyperref Info: Link coloring OFF on input line 21.

(./main.out) (./main.out)
\@outlinefile=\write4
\openout4 = `main.out'.

Package caption Info: Begin \AtBeginDocument code.
Package caption Info: float package is loaded.
Package caption Info: End \AtBeginDocument code.


Package todonotes Warning: The length marginparwidth is less than 2cm and will 
most likely cause issues with the appearance of inserted todonotes. The issue c
an be solved by adding a line like \setlength {\marginparwidth }{2cm} prior to 
loading the todonotes package. on input line 21.

LaTeX Font Info:    External font `cmex10' loaded for size
(Font)              <14.4> on input line 27.
LaTeX Font Info:    External font `cmex10' loaded for size
(Font)              <7> on input line 27.
[1

{/var/lib/texmf/fonts/map/pdftex/updmap/pdftex.map}{/usr/share/texmf/fonts/enc/
dvips/cm-super/cm-super-t1.enc}] (./chapters/acknowledgements.tex)
pdfTeX warning (ext4): destination with the same identifier (name{page.1}) has 
been already used, duplicate ignored
<to be read again> 
                   \relax 
l.31 	\chapter
              *{Abstract} [1

] (./chapters/abstract.tex) [2

] (./main.toc
LaTeX Font Info:    External font `cmex10' loaded for size
(Font)              <12> on input line 2.
LaTeX Font Info:    External font `cmex10' loaded for size
(Font)              <8> on input line 2.
LaTeX Font Info:    External font `cmex10' loaded for size
(Font)              <6> on input line 2.

[3

])
\tf@toc=\write5
\openout5 = `main.toc'.

 [4]
Chapter 1.
(./chapters/introduction.tex [5

]
Overfull \hbox (10.7292pt too wide) in paragraph at lines 26--28
\T1/cmr/m/n/12 ca-tions such as toxin ver-sus non-toxin or ex-o-toxin ver-sus e
n-do-toxin. [[]][[]][[]].
 []

[6] [7{/usr/share/texmf/fonts/enc/dvips/cm-super/cm-super-ts1.enc}]) [8]
Chapter 2.
(./chapters/background.tex) [9

]
Chapter 3.
(./chapters/methods.tex
<images/workflow_methods.png, id=320, 727.71875pt x 331.2375pt>
File: images/workflow_methods.png Graphic file (type png)
<use images/workflow_methods.png>
Package pdftex.def Info: images/workflow_methods.png  used on input line 14.
(pdftex.def)             Requested size: 429.00238pt x 195.2768pt.

Overfull \hbox (39.00238pt too wide) in paragraph at lines 14--15
 [][] 
 []


Overfull \hbox (16.80757pt too wide) in paragraph at lines 21--23
\T1/cmr/m/n/12 Bacterial tox-ins pro-tein se-quences were col-lected from pub-l
ic se-quence databases,
 []

[10

]
Package hyperref Info: bookmark level for unknown todo defaults to 0 on input l
ine 28.
LaTeX Font Info:    Trying to load font information for T1+cmtt on input line 2
9.
 (/usr/share/texlive/texmf-dist/tex/latex/base/t1cmtt.fd
File: t1cmtt.fd 2023/04/13 v2.5m Standard LaTeX font definitions
) [11 <./images/workflow_methods.png>]
Overfull \hbox (8.18388pt too wide) in paragraph at lines 38--38
[]\T1/cmr/bx/n/17.28 Descriptive Sta-tis-ti-cal Anal-y-sis of Se-quences 
 []

[12]

Package natbib Warning: Citation `Baldwin2007' on page 13 undefined on input li
ne 65.


Package natbib Warning: Citation `Kyte1982' on page 13 undefined on input line 
65.

[13]
Overfull \hbox (59.17218pt too wide) in paragraph at lines 93--94
[]\T1/cmtt/m/n/12 mmseqs easy-cluster file.fasta dataset tmp --min-seq-id 1.0 -
-cov-mode
 []


Overfull \hbox (59.17218pt too wide) in paragraph at lines 97--98
[]\T1/cmtt/m/n/12 mmseqs easy-cluster file.fasta dataset tmp --min-seq-id 0.3 -
-cov-mode
 []


Overfull \hbox (41.95285pt too wide) in paragraph at lines 101--102
[]\T1/cmr/m/n/12 This re-dun-dancy re-duc-tion step is im-ple-mented in the \T1
/cmtt/m/n/12 redundancy-reduction.py
 []

[14]
Overfull \hbox (72.11627pt too wide) in paragraph at lines 134--135
[]\T1/cmtt/m/n/12 X_train, X_test, y_train, y_test = train_test_split(X, y, tes
t_size=0.2,
 []

[15]
Overfull \hbox (81.39594pt too wide) in paragraph at lines 150--151
[]\T1/cmr/m/n/12 This di-men-sion-al-ity re-duc-tion step is im-ple-mented in t
he \T1/cmtt/m/n/12 dimensionality-reduction.py
 []


Overfull \hbox (5.94453pt too wide) in paragraph at lines 152--152
[]\T1/cmr/bx/n/17.28 Machine Learn-ing Model Train-ing and Eval-
 []

[16]

Package natbib Warning: Citation `Breiman2001' on page 17 undefined on input li
ne 163.


Package natbib Warning: Citation `Cox1958' on page 17 undefined on input line 1
64.


Package natbib Warning: Citation `Cortes1995' on page 17 undefined on input lin
e 165.


Package natbib Warning: Citation `Guo2003' on page 17 undefined on input line 1
66.

<images/hierarical_model_drawio.png, id=381, 1672.2475pt x 890.32625pt>
File: images/hierarical_model_drawio.png Graphic file (type png)
<use images/hierarical_model_drawio.png>
Package pdftex.def Info: images/hierarical_model_drawio.png  used on input line
 178.
(pdftex.def)             Requested size: 429.00238pt x 228.40909pt.

Overfull \hbox (39.00238pt too wide) in paragraph at lines 178--179
 [][] 
 []


Package natbib Warning: Citation `Altschul1990' on page 17 undefined on input l
ine 186.

[17] [18 <./images/hierarical_model_drawio.png>]) [19]
Chapter 4.
(./chapters/results.tex
<images/upset_plot_of_raw_data.png, id=400, 883.3pt x 781.92125pt>
File: images/upset_plot_of_raw_data.png Graphic file (type png)
<use images/upset_plot_of_raw_data.png>
Package pdftex.def Info: images/upset_plot_of_raw_data.png  used on input line 
10.
(pdftex.def)             Requested size: 312.00119pt x 276.194pt.
 [20

] [21 <./images/upset_plot_of_raw_data.png>]
<images/sequence_length_by_type.png, id=415, 722.7pt x 433.62pt>
File: images/sequence_length_by_type.png Graphic file (type png)
<use images/sequence_length_by_type.png>
Package pdftex.def Info: images/sequence_length_by_type.png  used on input line
 28.
(pdftex.def)             Requested size: 350.99762pt x 210.59657pt.
<images/sequence_length_by_target.png, id=416, 722.7pt x 433.62pt>
File: images/sequence_length_by_target.png Graphic file (type png)
<use images/sequence_length_by_target.png>
Package pdftex.def Info: images/sequence_length_by_target.png  used on input li
ne 35.
(pdftex.def)             Requested size: 350.99762pt x 210.59657pt.

[22]
Overfull \vbox (71.2703pt too high) has occurred while \output is active []


[23 <./images/sequence_length_by_type.png> <./images/sequence_length_by_target.
png>]
<images/hydrophobicity_by_type.png, id=433, 722.7pt x 433.62pt>
File: images/hydrophobicity_by_type.png Graphic file (type png)
<use images/hydrophobicity_by_type.png>
Package pdftex.def Info: images/hydrophobicity_by_type.png  used on input line 
55.
(pdftex.def)             Requested size: 350.99762pt x 210.59657pt.
<images/hydrophobicity_by_target.png, id=434, 722.7pt x 433.62pt>
File: images/hydrophobicity_by_target.png Graphic file (type png)
<use images/hydrophobicity_by_target.png>
Package pdftex.def Info: images/hydrophobicity_by_target.png  used on input lin
e 62.
(pdftex.def)             Requested size: 350.99762pt x 210.59657pt.
 [24]
Overfull \vbox (57.67029pt too high) has occurred while \output is active []


[25 <./images/hydrophobicity_by_type.png> <./images/hydrophobicity_by_target.pn
g>]
Overfull \hbox (34.46962pt too wide) in paragraph at lines 96--106
 [][] 
 []


Overfull \hbox (42.79396pt too wide) in paragraph at lines 112--119
 [][] 
 []

[26]
<images/LDDT.png, id=459, 730.4088pt x 383.031pt>
File: images/LDDT.png Graphic file (type png)
<use images/LDDT.png>
Package pdftex.def Info: images/LDDT.png  used on input line 128.
(pdftex.def)             Requested size: 350.99762pt x 184.06319pt.
 [27 <./images/LDDT.png>] [28]
<images/pca_projection_type.png, id=472, 722.7pt x 578.16pt>
File: images/pca_projection_type.png Graphic file (type png)
<use images/pca_projection_type.png>
Package pdftex.def Info: images/pca_projection_type.png  used on input line 148
.
(pdftex.def)             Requested size: 272.99881pt x 218.39742pt.
<images/pca_projection_type_scrambled.png, id=473, 722.7pt x 578.16pt>
File: images/pca_projection_type_scrambled.png Graphic file (type png)
<use images/pca_projection_type_scrambled.png>
Package pdftex.def Info: images/pca_projection_type_scrambled.png  used on inpu
t line 155.
(pdftex.def)             Requested size: 272.99881pt x 218.39742pt.
 [29]
Overfull \vbox (18.87195pt too high) has occurred while \output is active []


[30 <./images/pca_projection_type.png> <./images/pca_projection_type_scrambled.
png>]
<images/pca_projection_target.png, id=490, 722.7pt x 578.16pt>
File: images/pca_projection_target.png Graphic file (type png)
<use images/pca_projection_target.png>
Package pdftex.def Info: images/pca_projection_target.png  used on input line 1
74.
(pdftex.def)             Requested size: 272.99881pt x 218.39742pt.
<images/pca_projection_target_scrambled.png, id=491, 722.7pt x 578.16pt>
File: images/pca_projection_target_scrambled.png Graphic file (type png)
<use images/pca_projection_target_scrambled.png>
Package pdftex.def Info: images/pca_projection_target_scrambled.png  used on in
put line 181.
(pdftex.def)             Requested size: 272.99881pt x 218.39742pt.
 [31]
Overfull \vbox (32.47195pt too high) has occurred while \output is active []


[32 <./images/pca_projection_target.png> <./images/pca_projection_target_scramb
led.png>] [33]
Overfull \hbox (1.13263pt too wide) in paragraph at lines 242--252
 [][] 
 []

[34]

LaTeX Warning: Reference `fig:import_test_learning_curves_type' on page 35 unde
fined on input line 257.

<images/2x2_learning_curves_split_test_type.png, id=518, 1003.3485pt x 859.5312
pt>
File: images/2x2_learning_curves_split_test_type.png Graphic file (type png)
<use images/2x2_learning_curves_split_test_type.png>
Package pdftex.def Info: images/2x2_learning_curves_split_test_type.png  used o
n input line 265.
(pdftex.def)             Requested size: 272.99881pt x 233.86021pt.
[35]
<images/2x2_learning_curves_folds_test_split.png, id=525, 1004.3121pt x 859.531
2pt>
File: images/2x2_learning_curves_folds_test_split.png Graphic file (type png)
<use images/2x2_learning_curves_folds_test_split.png>
Package pdftex.def Info: images/2x2_learning_curves_folds_test_split.png  used 
on input line 272.
(pdftex.def)             Requested size: 272.99881pt x 233.63725pt.
 [36 <./images/2x2_learning_curves_split_test_type.png>]
Overfull \hbox (3.13734pt too wide) in paragraph at lines 281--282
\T1/cmr/m/n/12 This sec-tion eval-u-ates the per-for-mance of five ma-chine lea
rn-ing mod-els trained
 []

[37 <./images/2x2_learning_curves_folds_test_split.png>]
<images/comparison_graph_with_error_bars_test_type_split.png, id=539, 570.4512p
t x 353.8821pt>
File: images/comparison_graph_with_error_bars_test_type_split.png Graphic file 
(type png)
<use images/comparison_graph_with_error_bars_test_type_split.png>
Package pdftex.def Info: images/comparison_graph_with_error_bars_test_type_spli
t.png  used on input line 287.
(pdftex.def)             Requested size: 272.99881pt x 169.35928pt.
 [38 <./images/comparison_graph_with_error_bars_test_type_split.png>]
<images/comparison_graph_with_error_bars_folds_test_split_type.png, id=547, 570
.4512pt x 353.8821pt>
File: images/comparison_graph_with_error_bars_folds_test_split_type.png Graphic
 file (type png)
<use images/comparison_graph_with_error_bars_folds_test_split_type.png>
Package pdftex.def Info: images/comparison_graph_with_error_bars_folds_test_spl
it_type.png  used on input line 300.
(pdftex.def)             Requested size: 272.99881pt x 169.35928pt.
 [39 <./images/comparison_graph_with_error_bars_folds_test_split_type.png>]
Overfull \hbox (3.8856pt too wide) in paragraph at lines 314--315
[]\T1/cmr/m/n/12 Figures []4.11[] and []4.13[] dis-play the Re-ceiver Op-er-at-
ing Char-ac-ter-is-tic (ROC)
 []


Overfull \hbox (5.67279pt too wide) in paragraph at lines 314--315
\T1/cmr/m/n/12 and Precision-Recall (PR) curves, re-spec-tively, for mod-els tr
ained on sequence-
 []

<images/2x2_roc_curves_split_test_type.png, id=560, 1004.3121pt x 859.5312pt>
File: images/2x2_roc_curves_split_test_type.png Graphic file (type png)
<use images/2x2_roc_curves_split_test_type.png>
Package pdftex.def Info: images/2x2_roc_curves_split_test_type.png  used on inp
ut line 321.
(pdftex.def)             Requested size: 312.00119pt x 267.02899pt.
[40]
<images/2x2_roc_curves_folds_test_split.png, id=573, 1004.3121pt x 859.5312pt>
File: images/2x2_roc_curves_folds_test_split.png Graphic file (type png)
<use images/2x2_roc_curves_folds_test_split.png>
Package pdftex.def Info: images/2x2_roc_curves_folds_test_split.png  used on in
put line 328.
(pdftex.def)             Requested size: 312.00119pt x 267.02899pt.
 [41 <./images/2x2_roc_curves_split_test_type.png>] [42 <./images/2x2_roc_curve
s_folds_test_split.png>]
<images/2x2_precision_recall_curves_split_test_type.png, id=589, 1004.3121pt x 
859.5312pt>
File: images/2x2_precision_recall_curves_split_test_type.png Graphic file (type
 png)
<use images/2x2_precision_recall_curves_split_test_type.png>
Package pdftex.def Info: images/2x2_precision_recall_curves_split_test_type.png
  used on input line 345.
(pdftex.def)             Requested size: 272.99881pt x 233.63725pt.
 [43]
<images/2x2_precision_recall_curves_folds_test_split.png, id=596, 1004.3121pt x
 859.5312pt>
File: images/2x2_precision_recall_curves_folds_test_split.png Graphic file (typ
e png)
<use images/2x2_precision_recall_curves_folds_test_split.png>
Package pdftex.def Info: images/2x2_precision_recall_curves_folds_test_split.pn
g  used on input line 352.
(pdftex.def)             Requested size: 272.99881pt x 233.63725pt.
 [44 <./images/2x2_precision_recall_curves_split_test_type.png>] [45 <./images/
2x2_precision_recall_curves_folds_test_split.png>]
<images/2x2_learning_curves_split_test_target.png, id=611, 1003.3485pt x 859.53
12pt>
File: images/2x2_learning_curves_split_test_target.png Graphic file (type png)
<use images/2x2_learning_curves_split_test_target.png>
Package pdftex.def Info: images/2x2_learning_curves_split_test_target.png  used
 on input line 399.
(pdftex.def)             Requested size: 429.00238pt x 367.50586pt.

Overfull \hbox (39.00238pt too wide) in paragraph at lines 399--400
 [][] 
 []

[46]
<images/2x2_learning_curves_target_folds_test_split.png, id=618, 1004.3121pt x 
859.5312pt>
File: images/2x2_learning_curves_target_folds_test_split.png Graphic file (type
 png)
<use images/2x2_learning_curves_target_folds_test_split.png>
Package pdftex.def Info: images/2x2_learning_curves_target_folds_test_split.png
  used on input line 408.
(pdftex.def)             Requested size: 429.00238pt x 367.16487pt.

Overfull \hbox (39.00238pt too wide) in paragraph at lines 408--409
 [][] 
 []

[47 <./images/2x2_learning_curves_split_test_target.png>]
<images/comparison_graph_with_error_bars_split_test_target.png, id=626, 570.451
2pt x 354.123pt>
File: images/comparison_graph_with_error_bars_split_test_target.png Graphic fil
e (type png)
<use images/comparison_graph_with_error_bars_split_test_target.png>
Package pdftex.def Info: images/comparison_graph_with_error_bars_split_test_tar
get.png  used on input line 420.
(pdftex.def)             Requested size: 272.99881pt x 169.47458pt.
 [48 <./images/2x2_learning_curves_target_folds_test_split.png>]
<images/comparison_graph_with_error_bars_target_folds_test_split.png, id=634, 5
70.4512pt x 354.123pt>
File: images/comparison_graph_with_error_bars_target_folds_test_split.png Graph
ic file (type png)
<use images/comparison_graph_with_error_bars_target_folds_test_split.png>
Package pdftex.def Info: images/comparison_graph_with_error_bars_target_folds_t
est_split.png  used on input line 427.
(pdftex.def)             Requested size: 272.99881pt x 169.47458pt.
 [49 <./images/comparison_graph_with_error_bars_split_test_target.png> <./image
s/comparison_graph_with_error_bars_target_folds_test_split.png>]
<images/2x2_roc_curves_split_test_target.png, id=646, 1004.3121pt x 859.5312pt>

File: images/2x2_roc_curves_split_test_target.png Graphic file (type png)
<use images/2x2_roc_curves_split_test_target.png>
Package pdftex.def Info: images/2x2_roc_curves_split_test_target.png  used on i
nput line 437.
(pdftex.def)             Requested size: 272.99881pt x 233.63725pt.
) [50 <./images/2x2_roc_curves_split_test_target.png>]
Chapter 5.
(./chapters/conclusion.tex
Overfull \hbox (15.18002pt too wide) in paragraph at lines 7--8
[]\T1/cmr/bx/n/12 ExoType and Ex-o-Tar-get Pre-dic-tors: \T1/cmr/m/n/12 We de-v
el-oped ma-chine learning-
 []

[51

] [52]) [53]
Chapter 6.
(./chapters/discussion.tex) [54

] (./chapters/appendix.tex) (./main.bbl [55

]
[56

]
Underfull \hbox (badness 10000) in paragraph at lines 76--81
[]\T1/cmr/m/n/12 Jorge F. Bel-trán, Lisan-dra Herrera[]Belén, Fer-nanda
 []


Underfull \hbox (badness 2582) in paragraph at lines 76--81
\T1/cmr/m/n/12 Parraguez[]Contreras, Jorge G. Farías, Jorge Machuca[]Sepúlveda,

 []

[57])

Package natbib Warning: There were undefined citations.

[58] (./main.aux)
 ***********
LaTeX2e <2023-11-01> patch level 1
L3 programming layer <2024-01-22>
 ***********


LaTeX Warning: There were undefined references.

Package rerunfilecheck Info: File `main.out' has not changed.
(rerunfilecheck)             Checksum: 6A6B82DF7B63194C3393D699A959FE84;8435.
 ) 
Here is how much of TeX's memory you used:
 22539 strings out of 474317
 427738 string characters out of 5752084
 1947975 words of memory out of 5000000
 44209 multiletter control sequences out of 15000+600000
 571863 words of font info for 63 fonts, out of 8000000 for 9000
 1109 hyphenation exceptions out of 8191
 114i,10n,115p,1314b,857s stack positions out of 10000i,1000n,20000p,200000b,200000s
</usr/share/texlive/texmf-dist/fonts/type1/public/amsfonts/cm/cmex10.pfb></us
r/share/texlive/texmf-dist/fonts/type1/public/amsfonts/cm/cmmi12.pfb></usr/shar
e/texlive/texmf-dist/fonts/type1/public/amsfonts/cm/cmmi8.pfb></usr/share/texli
ve/texmf-dist/fonts/type1/public/amsfonts/cm/cmr12.pfb></usr/share/texlive/texm
f-dist/fonts/type1/public/amsfonts/cm/cmr8.pfb></usr/share/texmf/fonts/type1/pu
blic/cm-super/sfbx1095.pfb></usr/share/texmf/fonts/type1/public/cm-super/sfbx12
00.pfb></usr/share/texmf/fonts/type1/public/cm-super/sfbx1440.pfb></usr/share/t
exmf/fonts/type1/public/cm-super/sfbx1728.pfb></usr/share/texmf/fonts/type1/pub
lic/cm-super/sfbx2488.pfb></usr/share/texmf/fonts/type1/public/cm-super/sfrm109
5.pfb></usr/share/texmf/fonts/type1/public/cm-super/sfrm1200.pfb></usr/share/te
xmf/fonts/type1/public/cm-super/sfrm1440.pfb></usr/share/texmf/fonts/type1/publ
ic/cm-super/sfrm2074.pfb></usr/share/texmf/fonts/type1/public/cm-super/sfti1200
.pfb></usr/share/texmf/fonts/type1/public/cm-super/sftt1200.pfb>
Output written on main.pdf (59 pages, 10635622 bytes).
PDF statistics:
 803 PDF objects out of 1000 (max. 8388607)
 652 compressed objects within 7 object streams
 177 named destinations out of 1000 (max. 500000)
 498 words of extra memory for PDF output out of 10000 (max. 10000000)

